=== software reference: double precision, O(N^2) ===
orbit=figure8  N=10  steps=1000  dt=0.01  reps=5

Initial energy: -1.287141
Final energy:   -1.287217
Relative drift: -0.006%

kernel            ns/step    pairs/step     ns/pair      pairs/sec
full_N^2            458.1            90       5.090       1.96e+08
symmetric           345.8            45       7.685        1.3e+08

[metrics]
impl=software
orbit=figure8
n=10
steps=1000
reps=5
pairs_per_step=90
ns_per_step=458.105002
ns_per_pair=5.090056
sym_pairs_per_step=45
sym_ns_per_step=345.806824
sym_ns_per_pair=7.684596
drift_pct=-0.005867
